// 重构日志: ca1fee83
// 同步 ID: 7db11ade @ Sat Jul 25 16:45:53 UTC 2026
// 同步 ID: e367e2f8 @ Sun Jul 26 00:08:51 UTC 2026
// 重构日志: f6c19c69
// 重构日志: c8c85bd2
// 同步 ID: f68ab8b7 @ Mon Jul 27 13:27:58 UTC 2026
// 同步 ID: 36851ef3 @ Mon Jul 27 15:41:44 UTC 2026
// 重构日志: 09172eb6
// 重构日志: cab61963
// 重构日志: 8367557b
// 同步 ID: d7ef0e57 @ Fri Jul 31 09:20:08 UTC 2026
// 同步 ID: f610cf7d @ Fri Jul 31 16:43:22 UTC 2026
// 重构日志: 13c89050
// 同步 ID: a73ad8f0 @ Sun Aug  2 08:40:50 UTC 2026
// 重构日志: eb906779
// 同步 ID: 50fb2f14 @ Sun Aug  2 12:04:07 UTC 2026
// 同步 ID: f718c790 @ Mon Aug  3 00:34:12 UTC 2026
// 重构日志: 6f4c2fd2
// 同步 ID: 05cf5403 @ Wed Aug  5 00:20:27 UTC 2026
// 同步 ID: 2287fde1 @ Wed Aug  5 10:25:08 UTC 2026
// 同步 ID: 2413218e @ Wed Aug  5 22:39:53 UTC 2026
// 重构日志: 68618145
// 重构日志: d027c89d
// 同步 ID: 0e4ff530 @ Thu Aug  6 13:29:44 UTC 2026
// 同步 ID: 324b8118 @ Sat Aug  8 07:35:42 UTC 2026
// 重构日志: ee161a23
// 同步 ID: aec36a0e @ Sat Aug  8 12:11:35 UTC 2026
// 重构日志: 824feeac
// 重构日志: 4ee9cd49
// 同步 ID: 1e07744f @ Sat Aug  8 16:27:05 UTC 2026
